[
  {
    "path": "scm/driver/github/content.go",
    "kind": "file",
    "BlobID": "6049c0a9f0859fe56344559006f739a3a81475fb"
  },
  {
    "path": "scm/driver/github/content_test.go",
    "kind": "file",
    "BlobID": "bec0acdbdf9b5be391a749f13aa6ea223f7f6b2e"
  },
  {
    "path": "scm/driver/github/git.go",
    "kind": "file",
    "BlobID": "fb07733ece5525869d630df704a76ab29dde227c"
  },
  {
    "path": "scm/driver/github/git_test.go",
    "kind": "file",
    "BlobID": "4bc40050b43314f637c10b767c53c3d548fd359a"
  },
  {
    "path": "scm/driver/github/github.go",
    "kind": "file",
    "BlobID": "82f31511232a18a949e8035aa2f346a90754a387"
  },
  {
    "path": "scm/driver/github/github_test.go",
    "kind": "file",
    "BlobID": "8d82e48e410796f27cc92fcb5bd9ffbed154b6cb"
  },
  {
    "path": "scm/driver/github/integration",
    "kind": "directory",
    "BlobID": "f29b9ffe7db8788d4db88de3128015927297f3e1"
  },
  {
    "path": "scm/driver/github/issue.go",
    "kind": "file",
    "BlobID": "b360d4a3b70f368d44734aebac3803de1f9e2bc4"
  },
  {
    "path": "scm/driver/github/issue_test.go",
    "kind": "file",
    "BlobID": "d6ff16f2eedd1a34200071b97ee5fed0b10e8dad"
  },
  {
    "path": "scm/driver/github/linker.go",
    "kind": "file",
    "BlobID": "92d8da78b2a0433c2df15392fd6211091280e037"
  },
  {
    "path": "scm/driver/github/linker_test.go",
    "kind": "file",
    "BlobID": "b952f3e5a7ae77a0fa789f3ecfc5bfc46aede1ef"
  },
  {
    "path": "scm/driver/github/org.go",
    "kind": "file",
    "BlobID": "9d4f534054ad4719c25e1551fa2d2bca949f7dc9"
  },
  {
    "path": "scm/driver/github/org_test.go",
    "kind": "file",
    "BlobID": "b36c00d8e9042ad23f244cee678837cf752d30e9"
  },
  {
    "path": "scm/driver/github/pr.go",
    "kind": "file",
    "BlobID": "a008cbe0473c1f4a4fd9b345c85326120ec4fc35"
  },
  {
    "path": "scm/driver/github/pr_test.go",
    "kind": "file",
    "BlobID": "6ab42e0a467f593ab805a0ed2992c209ecbe4914"
  },
  {
    "path": "scm/driver/github/repo.go",
    "kind": "file",
    "BlobID": "19eb345a307550d356a1d3f50fc56b48a363acf2"
  },
  {
    "path": "scm/driver/github/repo_test.go",
    "kind": "file",
    "BlobID": "73880b97306f3e6b6ac9b410b3e10b45f0bede8c"
  },
  {
    "path": "scm/driver/github/review.go",
    "kind": "file",
    "BlobID": "efb31fb34c89d564e4c7381a4cd5a2bf097d8c1b"
  },
  {
    "path": "scm/driver/github/review_test.go",
    "kind": "file",
     "BlobID": "3aaf08ba51ffb1626a73ab8719e4d0d7d5b0ce5f"
  },
  {
    "path": "scm/driver/github/testdata",
    "kind": "directory",
    "BlobID": "2668c2a5e6a9c5cf4d66e72942e12d85527915b4"
  },
  {
    "path": "scm/driver/github/user.go",
    "kind": "file",
     "BlobID": "4b04b38a805b833f6bd37166e4256a66722b879b"
  },
  {
    "path": "scm/driver/github/user_test.go",
    "kind": "file",
    "BlobID": "86e5b709daeced102302fba8e46e48e9457adbd3"
  },
  {
    "path": "scm/driver/github/util.go",
    "kind": "file",
    "BlobID": "a6b3c55a7a8924e53e94ee35e6839e5a0a78d724"
  },
  {
    "path": "scm/driver/github/util_test.go",
    "kind": "file",
    "BlobID": "c6a2664339b965396a861fd224e3bb9733757444"
  },
  {
    "path": "scm/driver/github/webhook.go",
    "kind": "file",
    "BlobID": "1789ca55651f7d7903fce3e985212b96592f8800"
  },
  {
    "path": "scm/driver/github/webhook_test.go",
    "kind": "file",
    "BlobID":  "136f2e0e55a4ed961af1b67d45d72fa84a68943a"
  }
]
