[
    {
        "Path": "asda2",
        "Added": false,
        "Renamed": false,
        "Deleted": false,
        "BlobID": "291b15982c4926705f5639abffe96b2b6c419ce7",
        "PrevFilePath": ""
    },
    {
        "Path": "remove_me",
        "Added": true,
        "Renamed": false,
        "Deleted": false,
        "BlobID": "ce013625030ba8dba906f756967f9e9ca394464a",
        "PrevFilePath": ""
    },
    {
        "Path": "tp",
        "Added": false,
        "Renamed": true,
        "Deleted": false,
        "BlobID": "70c379b63ffa0795fdbfbc128e5a2818397b7ef8",
        "PrevFilePath": "abhinav"
    },
    {
        "Path": "upsert",
        "Added": false,
        "Renamed": false,
        "Deleted": true,
        "BlobID": "0f9282d7e71e0f8cb748bfe00e52d7ed13dad036",
        "PrevFilePath": ""
    }
]