[
    {
        "Path": "CONTRIBUTING.md",
        "Added": false,
        "Renamed": false,
        "Deleted": false
    },
    {
        "Path": "new-folder/CONTRIBUTING.md",
        "Added": false,
        "Renamed": true,
        "Deleted": false,
        "PrevFilePath": "old-folder/CONTRIBUTING.md"
    },
    {
        "Path": "CONTRIBUTING.md",
        "Added": false,
        "Renamed": false,
        "Deleted": true
    }
]