[
  {
    "Sha": "e3c0ff4d5cef439ea11b30866fb1ed79b420801d",
    "Message": "add/update/delete/rename\n",
    "Author": {
      "Name": "kit101",
      "Email": "qkssk1711@163.com",
      "Date": "2021-08-23T23:45:53+08:00",
      "Login": "kit101",
      "Avatar": "https://portrait.gitee.com/uploads/avatars/user/511/1535738_qkssk1711_1578953939.png"
    },
    "Committer": {
      "Name": "kit101",
      "Email": "qkssk1711@163.com",
      "Date": "2021-08-23T23:45:53+08:00",
      "Login": "kit101",
      "Avatar": "https://portrait.gitee.com/uploads/avatars/user/511/1535738_qkssk1711_1578953939.png"
    },
    "Link": "https://gitee.com/kit101/drone-yml-test/commit/e3c0ff4d5cef439ea11b30866fb1ed79b420801d"
  },
  {
    "Sha": "537575f44a09c57dfc472e26fe067754fd2f9374",
    "Message": "change ready\n",
    "Author": {
      "Name": "kit101",
      "Email": "qkssk1711@163.com",
      "Date": "2021-08-23T23:45:04+08:00",
      "Login": "kit101",
      "Avatar": "https://portrait.gitee.com/uploads/avatars/user/511/1535738_qkssk1711_1578953939.png"
    },
    "Committer": {
      "Name": "kit101",
      "Email": "qkssk1711@163.com",
      "Date": "2021-08-23T23:45:04+08:00",
      "Login": "kit101",
      "Avatar": "https://portrait.gitee.com/uploads/avatars/user/511/1535738_qkssk1711_1578953939.png"
    },
    "Link": "https://gitee.com/kit101/drone-yml-test/commit/537575f44a09c57dfc472e26fe067754fd2f9374"
  },
  {
    "Sha": "7e84b6f94b8d4bfaa051910cc4ce16b73bcffd51",
    "Message": "rename\n",
    "Author": {
      "Name": "kit101",
      "Email": "qkssk1711@163.com",
      "Date": "2021-08-23T23:41:22+08:00",
      "Login": "kit101",
      "Avatar": "https://portrait.gitee.com/uploads/avatars/user/511/1535738_qkssk1711_1578953939.png"
    },
    "Committer": {
      "Name": "kit101",
      "Email": "qkssk1711@163.com",
      "Date": "2021-08-23T23:41:22+08:00",
      "Login": "kit101",
      "Avatar": "https://portrait.gitee.com/uploads/avatars/user/511/1535738_qkssk1711_1578953939.png"
    },
    "Link": "https://gitee.com/kit101/drone-yml-test/commit/7e84b6f94b8d4bfaa051910cc4ce16b73bcffd51"
  }
]