{
  "Number": 6,
  "Title": "new-feature",
  "Body": "Please pull these awesome changes",
  "Sha": "411db0d9e9072851383751c260dc1601840906e4",
  "Ref": "refs/pull/6/head",
  "Source": "crud",
  "Target": "master",
  "Fork": "kit101/drone-yml-test",
  "Link": "https://gitee.com/kit101/drone-yml-test/pulls/6",
  "Diff": "https://gitee.com/kit101/drone-yml-test/pulls/6.diff",
  "Closed": false,
  "Merged": false,
  "Base": {
    "Sha": "2eac1cac02c325058cf959725c45b0612d3e8177",
    "Path": "refs/heads/master",
    "Name": "master"
  },
  "Head": {
    "Sha": "411db0d9e9072851383751c260dc1601840906e4",
    "Path": "refs/heads/crud",
    "Name": "crud"
  },
  "Author": {
    "Login": "kit101",
    "Avatar": "https://portrait.gitee.com/uploads/avatars/user/511/1535738_qkssk1711_1578953939.png"
  },
  "Created": "2021-09-30T16:38:19+08:00",
  "Updated": "2021-09-30T16:38:19+08:00"
}