[
  {
    "ID": 6922557,
    "Body": "test comment 1",
    "Author": {
      "Login": "kit101",
      "Name": "kit101",
      "Avatar": "https://portrait.gitee.com/uploads/avatars/user/511/1535738_qkssk1711_1578953939.png"
    },
    "Created": "2021-10-07T09:26:45+08:00",
    "Updated": "2021-10-07T09:26:45+08:00"
  }
]