[
  {
    "Number": 6,
    "Title": "new-feature",
    "Body": "Please pull these awesome changes",
    "Sha": "411db0d9e9072851383751c260dc1601840906e4",
    "Ref": "refs/pull/6/head",
    "Source": "crud",
    "Target": "master",
    "Fork": "kit101/drone-yml-test",
    "Link": "https://gitee.com/kit101/drone-yml-test/pulls/6",
    "Diff": "https://gitee.com/kit101/drone-yml-test/pulls/6.diff",
    "Closed": false,
    "Merged": false,
    "Created": "2021-09-30T16:38:19+08:00",
    "Updated": "2021-09-30T16:38:19+08:00",
    "Head": {
      "Sha": "411db0d9e9072851383751c260dc1601840906e4",
      "Path": "refs/heads/crud",
      "Name": "crud"
    },
    "Base": {
      "Sha": "2eac1cac02c325058cf959725c45b0612d3e8177",
      "Path": "refs/heads/master",
      "Name": "master"
    },
    "Author": {
      "Login": "kit101",
      "Avatar": "https://portrait.gitee.com/uploads/avatars/user/511/1535738_qkssk1711_1578953939.png"
    }
  },
  {
    "Number": 5,
    "Title": "new-feature",
    "Body": "Please pull these awesome changes",
    "Sha": "411db0d9e9072851383751c260dc1601840906e4",
    "Ref": "refs/pull/5/head",
    "Source": "crud",
    "Target": "master",
    "Fork": "kit101/drone-yml-test",
    "Link": "https://gitee.com/kit101/drone-yml-test/pulls/5",
    "Diff": "https://gitee.com/kit101/drone-yml-test/pulls/5.diff",
    "Closed": true,
    "Merged": false,
    "Created": "2021-09-30T16:37:34+08:00",
    "Updated": "2021-09-30T16:38:14+08:00",
    "Head": {
      "Sha": "411db0d9e9072851383751c260dc1601840906e4",
      "Path": "refs/heads/crud",
      "Name": "crud"
    },
    "Base": {
      "Sha": "2eac1cac02c325058cf959725c45b0612d3e8177",
      "Path": "refs/heads/master",
      "Name": "master"
    },
    "Author": {
      "Login": "kit101",
      "Avatar": "https://portrait.gitee.com/uploads/avatars/user/511/1535738_qkssk1711_1578953939.png"
    }
  },
  {
    "Number": 4,
    "Title": "create crud pr by api",
    "Body": "create crud pr by api",
    "Sha": "2700445cd84c08546f4d003f8aa54d2099a006b7",
    "Ref": "refs/pull/4/head",
    "Source": "feat-1",
    "Target": "master",
    "Fork": "kit101/drone-yml-test",
    "Link": "https://gitee.com/kit101/drone-yml-test/pulls/4",
    "Diff": "https://gitee.com/kit101/drone-yml-test/pulls/4.diff",
    "Closed": false,
    "Merged": false,
    "Created": "2021-09-30T16:28:09+08:00",
    "Updated": "2021-09-30T16:28:10+08:00",
    "Head": {
      "Sha": "2700445cd84c08546f4d003f8aa54d2099a006b7",
      "Path": "refs/heads/feat-1",
      "Name": "feat-1"
    },
    "Base": {
      "Sha": "2eac1cac02c325058cf959725c45b0612d3e8177",
      "Path": "refs/heads/master",
      "Name": "master"
    },
    "Author": {
      "Login": "kit101",
      "Avatar": "https://portrait.gitee.com/uploads/avatars/user/511/1535738_qkssk1711_1578953939.png"
    }
  }
]