{
  "Ref": "refs/tags/v0.0.1",
  "Before": "d2b75aa7797ec26b088fa2dd527e9d2c052fcedd",
  "After": "0000000000000000000000000000000000000000",
  "Repo": {
    "ID": "13933572",
    "Namespace": "bradrydzewski",
    "Name": "drone-test-go",
    "Perm": null,
    "Branch": "master",
    "Private": true,
    "Clone": "https://github.com/bradrydzewski/drone-test-go.git",
    "CloneSSH": "git@github.com:bradrydzewski/drone-test-go.git",
    "Link": "https://github.com/bradrydzewski/drone-test-go",
    "Created": "0001-01-01T00:00:00Z",
    "Updated": "0001-01-01T00:00:00Z"
  },
  "Commit": {
    "Sha": "0000000000000000000000000000000000000000",
    "Message": "",
    "Author": {
      "Name": "",
      "Email": "",
      "Date": "0001-01-01T00:00:00Z",
      "Login": "",
      "Avatar": ""
    },
    "Committer": {
      "Name": "",
      "Email": "",
      "Date": "0001-01-01T00:00:00Z",
      "Login": "",
      "Avatar": ""
    },
    "Link": "https://github.com/bradrydzewski/drone-test-go/compare/d2b75aa7797e...000000000000"
  },
  "Sender": {
    "Login": "bradrydzewski",
    "Name": "",
    "Email": "",
    "Avatar": "https://avatars1.githubusercontent.com/u/817538?v=4"
  }
}