{
  "Sha": "14897f4465d2d63508242b5cbf68aa2865f693e7",
  "Message": "update CRUD",
  "Author": {
    "Name": "tp",
    "Email": "tp@harness.io",
    "Date": "2022-03-15T17:08:22Z",
    "Login": "tp",
    "Avatar": ""
  },
  "Committer": {
    "Name": "tp",
    "Email": "tp@harness.io",
    "Date": "2022-03-15T17:08:22Z",
    "Login": "tp",
    "Avatar": ""
  },
  "Link": "https://dev.azure.com/tphoney/d350c9c0-7749-4ff8-a78f-f9c1f0e56729/_apis/git/repositories/fde2d21f-13b9-4864-a995-83329045289a/commits/14897f4465d2d63508242b5cbf68aa2865f693e7"
}