[
  {
    "Sha": "e0aee6aa543294d62520fb906689da6710af149c",
    "Message": "go-scm delete crud file",
    "Author": {
      "Name": "tp",
      "Email": "tp@harness.io",
      "Date": "2022-03-04T12:19:58Z",
      "Login": "tp",
      "Avatar": ""
    },
    "Committer": {
      "Name": "tp",
      "Email": "tp@harness.io",
      "Date": "2022-03-04T12:19:58Z",
      "Login": "tp",
      "Avatar": ""
    },
    "Link": "https://dev.azure.com/tphoney/d350c9c0-7749-4ff8-a78f-f9c1f0e56729/_apis/git/repositories/fde2d21f-13b9-4864-a995-83329045289a/commits/e0aee6aa543294d62520fb906689da6710af149c"
  },
  {
    "Sha": "1fe456794debece7c4125b9e283b601c974977a9",
    "Message": "go-scm update crud file",
    "Author": {
      "Name": "tp",
      "Email": "tp@harness.io",
      "Date": "2022-03-04T12:19:57Z",
      "Login": "tp",
      "Avatar": ""
    },
    "Committer": {
      "Name": "tp",
      "Email": "tp@harness.io",
      "Date": "2022-03-04T12:19:57Z",
      "Login": "tp",
      "Avatar": ""
    },
    "Link": "https://dev.azure.com/tphoney/d350c9c0-7749-4ff8-a78f-f9c1f0e56729/_apis/git/repositories/fde2d21f-13b9-4864-a995-83329045289a/commits/1fe456794debece7c4125b9e283b601c974977a9"
  },
  {
    "Sha": "dc49e8e6e22bb3456366a09365ce9e72912f26b5",
    "Message": "go-scm create crud file",
    "Author": {
      "Name": "tp",
      "Email": "tp@harness.io",
      "Date": "2022-03-04T12:19:56Z",
      "Login": "tp",
      "Avatar": ""
    },
    "Committer": {
      "Name": "tp",
      "Email": "tp@harness.io",
      "Date": "2022-03-04T12:19:56Z",
      "Login": "tp",
      "Avatar": ""
    },
    "Link": "https://dev.azure.com/tphoney/d350c9c0-7749-4ff8-a78f-f9c1f0e56729/_apis/git/repositories/fde2d21f-13b9-4864-a995-83329045289a/commits/dc49e8e6e22bb3456366a09365ce9e72912f26b5"
  }
]