{
	"Action": "created",
	"Repo": {
		"ID": "{4402cbae-7790-453a-b29e-5fcab61a84df}",
		"Namespace": "rutvijmehta-harness",
		"Name": "spring-cloud-alibaba",
		"Perm": null,
		"Branch": "",
		"Archived": false,
		"Private": false,
		"Visibility": 0,
		"Clone": "https://bitbucket.org/rutvijmehta-harness/spring-cloud-alibaba.git",
		"CloneSSH": "git@bitbucket.org:rutvijmehta-harness/spring-cloud-alibaba.git",
		"Link": "https://bitbucket.org/rutvijmehta-harness/spring-cloud-alibaba",
		"Created": "0001-01-01T00:00:00Z",
		"Updated": "0001-01-01T00:00:00Z"
	},
	"Issue": {
		"Number": 1,
		"Title": "Update pom.xml",
		"Body": "Test",
		"Link": "https://bitbucket.org/rutvijmehta-harness/spring-cloud-alibaba/pull-requests/1",
		"Labels": null,
		"Closed": false,
		"Locked": false,
		"Author": {
			"Login": "",
			"Name": "Rutvij Mehta",
			"Email": "",
			"Avatar": "https://secure.gravatar.com/avatar/1bf4d1258f18330b314d2737db430cb0?d=https%3A%2F%2Favatar-management--avatars.us-west-2.prod.public.atl-paas.net%2Finitials%2FRM-5.png",
			"Created": "0001-01-01T00:00:00Z",
			"Updated": "0001-01-01T00:00:00Z"
		},
		"PullRequest": {
			"Number": 1,
			"Title": "Update pom.xml",
			"Body": "Test",
			"Sha": "b9437f32dddd",
			"Ref": "refs/pull-requests/1/from",
			"Source": "tiwhitepaper-rutvij",
			"Target": "2021.x",
			"Fork": "rutvijmehta-harness/spring-cloud-alibaba",
			"Link": "https://bitbucket.org/rutvijmehta-harness/spring-cloud-alibaba/pull-requests/1",
			"Diff": "",
			"Closed": false,
			"Merged": false,
			"Base": {
				"Name": "",
				"Path": "",
				"Sha": ""
			},
			"Head": {
				"Name": "",
				"Path": "",
				"Sha": ""
			},
			"Author": {
				"Login": "",
				"Name": "Rutvij Mehta",
				"Email": "",
				"Avatar": "https://secure.gravatar.com/avatar/1bf4d1258f18330b314d2737db430cb0?d=https%3A%2F%2Favatar-management--avatars.us-west-2.prod.public.atl-paas.net%2Finitials%2FRM-5.png",
				"Created": "0001-01-01T00:00:00Z",
				"Updated": "0001-01-01T00:00:00Z"
			},
			"Created": "2022-06-23T19:27:25.443049Z",
			"Updated": "2022-06-23T22:10:09.939978Z",
			"Labels": null
		},
		"Created": "2022-06-23T19:27:25.443049Z",
		"Updated": "2022-06-23T22:10:09.939978Z"
	},
	"Comment": {
		"ID": 311512047,
		"Body": "test comment",
		"Author": {
		    "ID": "{145a94da-035e-42d6-bf85-296cea8005ba}",
			"Login": "",
			"Name": "Rutvij Mehta",
			"Email": "",
			"Avatar": "https://secure.gravatar.com/avatar/1bf4d1258f18330b314d2737db430cb0?d=https%3A%2F%2Favatar-management--avatars.us-west-2.prod.public.atl-paas.net%2Finitials%2FRM-5.png",
			"Created": "0001-01-01T00:00:00Z",
			"Updated": "0001-01-01T00:00:00Z"
		},
		"Created": "2022-06-23T22:10:09.939925Z",
		"Updated": "2022-06-23T22:10:09.939978Z"
	},
	"Sender": {
	    "ID": "{145a94da-035e-42d6-bf85-296cea8005ba}",
		"Login": "",
		"Name": "Rutvij Mehta",
		"Email": "",
		"Avatar": "https://secure.gravatar.com/avatar/1bf4d1258f18330b314d2737db430cb0?d=https%3A%2F%2Favatar-management--avatars.us-west-2.prod.public.atl-paas.net%2Finitials%2FRM-5.png",
		"Created": "0001-01-01T00:00:00Z",
		"Updated": "0001-01-01T00:00:00Z"
	}
}