{
    "Ref": "refs/heads/develop",
    "After": "141977fedf5cf35aa290ac87d4b5177ac4cd9de1",
    "Repo": {
        "ID": "{bc771cbf-829e-4c4b-b71f-a0eb3ac2b860}",
        "Namespace": "brydzewski",
        "Name": "foo",
        "Perm": null,
        "Branch": "",
        "Private": true,
        "Clone": "https://bitbucket.org/brydzewski/foo.git",
        "CloneSSH": "git@bitbucket.org:brydzewski/foo.git",
        "Link": "https://bitbucket.org/brydzewski/foo",
        "Created": "0001-01-01T00:00:00Z",
        "Updated": "0001-01-01T00:00:00Z"
    },
    "Commit": {
        "Sha": "141977fedf5cf35aa290ac87d4b5177ac4cd9de1",
        "Message": "Update README\n",
        "Author": {
            "Name": "Brad Rydzewski",
            "Email": "brad.rydzewski@gmail.com",
            "Date": "2018-07-02T20:26:56Z",
            "Login": "brydzewski",
            "Avatar": "https://bitbucket.org/account/brydzewski/avatar/32/"
        },
        "Committer": {
            "Name": "Brad Rydzewski",
            "Email": "brad.rydzewski@gmail.com",
            "Date": "2018-07-02T20:26:56Z",
            "Login": "brydzewski",
            "Avatar": "https://bitbucket.org/account/brydzewski/avatar/32/"
        },
        "Link": "https://bitbucket.org/brydzewski/foo/commits/141977fedf5cf35aa290ac87d4b5177ac4cd9de1"
    },
    "Commits": [
        {
            "Sha": "141977fedf5cf35aa290ac87d4b5177ac4cd9de1",
            "Message": "Update README\n",
            "Author": {
                "Name": "Brad Rydzewski",
                "Email": "brad.rydzewski@gmail.com",
                "Date": "2018-07-02T20:26:56Z",
                "Login": "brydzewski",
                "Avatar": "https://bitbucket.org/account/brydzewski/avatar/32/"
            },
            "Committer": {
                "Name": "Brad Rydzewski",
                "Email": "brad.rydzewski@gmail.com",
                "Date": "2018-07-02T20:26:56Z",
                "Login": "brydzewski",
                "Avatar": "https://bitbucket.org/account/brydzewski/avatar/32/"
            },
            "Link": "https://bitbucket.org/brydzewski/foo/commits/141977fedf5cf35aa290ac87d4b5177ac4cd9de1"
        },
        {
            "Sha": "40e7580cf11311d84a6e5e97e2cbba6df1675750",
            "Message": "initial commit\n",
            "Author": {
                "Name": "Brad Rydzewski",
                "Email": "brad.rydzewski@gmail.com",
                "Date": "2018-07-02T20:22:41Z",
                "Login": "brydzewski",
                "Avatar": "https://bitbucket.org/account/brydzewski/avatar/32/"
            },
            "Committer": {
                "Name": "Brad Rydzewski",
                "Email": "brad.rydzewski@gmail.com",
                "Date": "2018-07-02T20:22:41Z",
                "Login": "brydzewski",
                "Avatar": "https://bitbucket.org/account/brydzewski/avatar/32/"
            },
            "Link": "https://bitbucket.org/brydzewski/foo/commits/40e7580cf11311d84a6e5e97e2cbba6df1675750"
        }
    ],
    "Sender": {
        "ID": "{87bb15eb-47c1-49b3-9f16-ca824a2979a4}",
        "Login": "brydzewski",
        "Name": "Brad Rydzewski",
        "Email": "",
        "Avatar": "https://bitbucket.org/account/brydzewski/avatar/32/"
    }
}