{
  "Action": "created",
  "Repo": {
    "ID": "4bc14d40-c903-45e2-872e-0462c7748079",
    "Namespace": "Fabrikam",
    "Name": "Fabrikam",
    "Perm": null,
    "Branch": "mytopic",
    "Archived": false,
    "Private": false,
    "Visibility": 0,
    "Clone": "https://dev.azure.com/fabrikam/DefaultCollection/_git/Fabrikam",
    "CloneSSH": "git@ssh.dev.azure.com:v3/fabrikam/DefaultCollection/Fabrikam",
    "Link": "https://dev.azure.com/fabrikam/DefaultCollection/_git/Fabrikam",
    "Created": "0001-01-01T00:00:00Z",
    "Updated": "0001-01-01T00:00:00Z"
  },
  "Issue": {
    "Number": 1,
    "Title": "my first pull request",
    "Body": " - test2\r\n",
    "Link": "https://fabrikam.visualstudio.com/DefaultCollection/_apis/git/repositories/4bc14d40-c903-45e2-872e-0462c7748079/pullRequests/1",
    "Author": {
        "Login": "Jamal Hartnett",
        "Name": "Jamal Hartnett",
        "Email": "fabrikamfiber4@hotmail.com",
        "Avatar": "https://fabrikam.visualstudio.com/DefaultCollection/_api/_common/identityImage?id=54d125f7-69f7-4191-904f-c5b96b6261c8",
        "Created": "0001-01-01T00:00:00Z",
        "Updated": "0001-01-01T00:00:00Z"
    },
    "PullRequest": {
        "Number": 1,
        "Title": "my first pull request",
        "Body": " - test2\r\n",
        "Sha": "53d54ac915144006c2c9e90d2c7d3880920db49c",
        "Ref": "refs/heads/mytopic",
        "Source": "mytopic",
        "Target": "master",
        "Fork": "",
        "Link": "https://fabrikam.visualstudio.com/DefaultCollection/_apis/git/repositories/4bc14d40-c903-45e2-872e-0462c7748079/pullRequests/1",
        "Diff": "",
        "Closed": false,
        "Merged": false,
        "Base": {
            "Name": "",
            "Path": "",
            "Sha": ""
        },
        "Head": {
            "Name": "",
            "Path": "",
            "Sha": ""
        },
        "Author": {
            "Login": "Jamal Hartnett",
            "Name": "Jamal Hartnett",
            "Email": "fabrikamfiber4@hotmail.com",
            "Avatar": "https://fabrikam.visualstudio.com/DefaultCollection/_api/_common/identityImage?id=54d125f7-69f7-4191-904f-c5b96b6261c8",
            "Created": "0001-01-01T00:00:00Z",
            "Updated": "0001-01-01T00:00:00Z"
        },
        "Created": "2014-06-17T16:55:46.589889Z",
        "Updated": "0001-01-01T00:00:00Z",
        "Labels": null
    },
    "Created": "2014-06-17T16:55:46.589889Z"
  },
  "Comment": {
        "ID": 2,
        "Body": "This is my comment.",
        "Author": {
            "Login": "54d125f7-69f7-4191-904f-c5b96b6261c8",
            "Name": "Jamal Hartnett",
            "Email": "fabrikamfiber4@hotmail.com",
            "Created": "0001-01-01T00:00:00Z",
            "Updated": "0001-01-01T00:00:00Z"
        },
        "Created": "2014-06-17T16:55:46.589889Z",
        "Updated": "2014-06-17T16:55:46.589889Z"
    },
  "Sender": {
    "Login": "54d125f7-69f7-4191-904f-c5b96b6261c8",
    "Name": "Jamal Hartnett",
    "Email": "fabrikamfiber4@hotmail.com",
    "Created": "0001-01-01T00:00:00Z",
    "Updated": "0001-01-01T00:00:00Z"
  }
}