{
  "Ref": "refs/heads/master",
  "Before": "aad331d8d3b131fa9ae03cf5e53965b51942618a",
  "After": "33b55f7cb7e7e245323987634f960cf4a6e6bc74",
  "Repo": {
    "ID": "278d5cd2-584d-4b63-824a-2ba458937249",
    "Namespace": "Fabrikam-Fiber-Git",
    "Name": "Fabrikam-Fiber-Git",
    "Perm": null,
    "Branch": "master",
    "Private": false,
    "Clone": "https://dev.azure.com/fabrikam-fiber-inc/DefaultCollection/_git/Fabrikam-Fiber-Git",
    "CloneSSH": "",
    "Link": "https://dev.azure.com/fabrikam-fiber-inc/DefaultCollection/_git/Fabrikam-Fiber-Git",
    "Created": "0001-01-01T00:00:00Z",
    "Updated": "0001-01-01T00:00:00Z"
  },
  "Commits": [
    {
      "Sha": "33b55f7cb7e7e245323987634f960cf4a6e6bc74",
      "Message": "Fixed bug in web.config file",
      "Author": {
        "Name": "Jamal Hartnett",
        "Email": "fabrikamfiber4@hotmail.com",
        "Date": "2015-02-25T19:01:00-00:00",
        "Login": "Jamal Hartnett",
        "Avatar": ""
      },
      "Committer": {
        "Name": "Jamal Hartnett",
        "Email": "fabrikamfiber4@hotmail.com",
        "Date": "2015-02-25T19:01:00-00:00",
        "Login": "Jamal Hartnett",
        "Avatar": ""
      },
      "Link": "https://dev.azure.com/fabrikam-fiber-inc/DefaultCollection/_git/Fabrikam-Fiber-Git/commit/33b55f7cb7e7e245323987634f960cf4a6e6bc74"
    }
  ],
  "Sender": {
    "Login": "00067FFED5C7AF52@Live.com",
    "Name": "Jamal Hartnett",
    "Email": "Windows Live ID\\fabrikamfiber4@hotmail.com",
    "Avatar": ""
  },
  "Commit": {
    "Sha": "33b55f7cb7e7e245323987634f960cf4a6e6bc74",
    "Message": "",
    "Author": {
      "Login": "00067FFED5C7AF52@Live.com",
      "Name": "Jamal Hartnett",
      "Email": "Windows Live ID\\fabrikamfiber4@hotmail.com",
      "Avatar": ""
    },
    "Committer": {
      "Login": "00067FFED5C7AF52@Live.com",
      "Name": "Jamal Hartnett",
      "Email": "Windows Live ID\\fabrikamfiber4@hotmail.com",
      "Avatar": ""
    },
    "Link": ""
  }
}