{
  "Action": "created",
  "Repo": {
    "ID": "14836026",
    "Namespace": "kit101",
    "Name": "drone-yml-test",
    "Branch": "master",
    "Private": false,
    "Clone": "https://gitee.com/kit101/drone-yml-test.git",
    "CloneSSH": "git@gitee.com:kit101/drone-yml-test.git",
    "Link": "https://gitee.com/kit101/drone-yml-test",
    "Created": "2021-03-24T11:24:34+08:00",
    "Updated": "2021-10-08T13:26:59+08:00"
  },
  "Issue": {
    "Number": 735267704950,
    "Title": "create by api",
    "Body": "create by api body",
    "Link": "https://gitee.com/kit101/drone-yml-test/issues/I4CF12",
    "Labels": [
      "bug"
    ],
    "Closed": false,
    "Author": {
      "Login": "kit101",
      "Avatar": "https://portrait.gitee.com/uploads/avatars/user/511/1535738_qkssk1711_1578953939.png"
    },
    "Created": "2021-09-29T13:33:00+08:00",
    "Updated": "2021-10-08T15:45:08+08:00"
  },
  "Comment": {
    "ID": 6933558,
    "Body": "test issue comment hook\r\n\r\n",
    "Author": {
      "Avatar": "https://portrait.gitee.com/uploads/avatars/user/511/1535738_qkssk1711_1578953939.png",
      "Email": "qkssk1711@163.com",
      "Login": "kit101",
      "Name": "kit101"
    },
    "Created": "2021-10-08T15:45:08+08:00",
    "Updated": "2021-10-08T15:45:08+08:00"
  },
  "Sender": {
    "Avatar": "https://portrait.gitee.com/uploads/avatars/user/511/1535738_qkssk1711_1578953939.png",
    "Email": "qkssk1711@163.com",
    "Login": "kit101",
    "Name": "kit101"
  }
}
